kotlin version: 2.2.21
error message: com.squareup.anvil.compiler.api.AnvilCompilationException: Back-end (JVM) Internal error: Couldn't resolve ClassReference for dev.zacsweers.metro.ContributesBinding.
File is unknown

	at com.squareup.anvil.compiler.internal.reference.ClassReferenceKt.toClassReference(ClassReference.kt:462)
	at com.squareup.anvil.compiler.internal.reference.AnnotationReferenceKt.toAnnotationReference(AnnotationReference.kt:238)
	at com.squareup.anvil.compiler.internal.reference.ClassReference$Psi.annotations_delegate$lambda$0(ClassReference.kt:225)
	at kotlin.UnsafeLazyImpl.getValue(Lazy.kt:100)
	at com.squareup.anvil.compiler.internal.reference.ClassReference$Psi.getAnnotations(ClassReference.kt:224)
	at com.squareup.anvil.compiler.internal.reference.AnnotatedReference.isAnnotatedWith(AnnotatedReference.kt:14)
	at com.squareup.anvil.compiler.internal.reference.ClassReference.isAnnotatedWith(ClassReference.kt:56)
	at com.dev.annotation_processor.InjectWithProcessor.generateCode$lambda$0(InjectWithProcessor.kt:131)
	at kotlin.sequences.FilteringSequence$iterator$1.calcNext(Sequences.kt:204)
	at kotlin.sequences.FilteringSequence$iterator$1.hasNext(Sequences.kt:227)
	at kotlin.sequences.TransformingSequence$iterator$1.hasNext(Sequences.kt:247)
	at kotlin.sequences.SequencesKt___SequencesKt.toList(_Sequences.kt:817)
	at com.dev.annotation_processor.InjectWithProcessor.generateCode(InjectWithProcessor.kt:140)
	at com.dev.annotation_processor.InjectWithProcessor.generateCode(InjectWithProcessor.kt:41)
	at com.squareup.anvil.compiler.codegen.CodeGenerationExtension.generateCode$generateAndCache(CodeGenerationExtension.kt:229)
	at com.squareup.anvil.compiler.codegen.CodeGenerationExtension.generateCode$loopGeneration(CodeGenerationExtension.kt:255)
	at com.squareup.anvil.compiler.codegen.CodeGenerationExtension.generateCode(CodeGenerationExtension.kt:266)
	at com.squareup.anvil.compiler.codegen.CodeGenerationExtension.analysisCompleted(CodeGenerationExtension.kt:121)
	at org.jetbrains.kotlin.cli.jvm.compiler.TopDownAnalyzerFacadeForJVM.analyzeFilesWithJavaIntegration$invokeExtensionsOnAnalysisComplete(TopDownAnalyzerFacadeForJVM.kt:107)
	at org.jetbrains.kotlin.cli.jvm.compiler.TopDownAnalyzerFacadeForJVM.analyzeFilesWithJavaIntegration(TopDownAnalyzerFacadeForJVM.kt:117)
	at org.jetbrains.kotlin.cli.jvm.compiler.TopDownAnalyzerFacadeForJVM.analyzeFilesWithJavaIntegration$default(TopDownAnalyzerFacadeForJVM.kt:79)
	at org.jetbrains.kotlin.cli.jvm.compiler.KotlinToJVMBytecodeCompiler.analyze$lambda$0(KotlinToJVMBytecodeCompiler.kt:346)
	at org.jetbrains.kotlin.cli.common.messages.AnalyzerWithCompilerReport.analyzeAndReport(AnalyzerWithCompilerReport.kt:112)
	at org.jetbrains.kotlin.cli.jvm.compiler.KotlinToJVMBytecodeCompiler.analyze(KotlinToJVMBytecodeCompiler.kt:336)
	at org.jetbrains.kotlin.cli.jvm.compiler.KotlinToJVMBytecodeCompiler.runFrontendAndGenerateIrUsingClassicFrontend(KotlinToJVMBytecodeCompiler.kt:172)
	at org.jetbrains.kotlin.cli.jvm.compiler.KotlinToJVMBytecodeCompiler.compileModules$cli(KotlinToJVMBytecodeCompiler.kt:83)
	at org.jetbrains.kotlin.cli.jvm.K2JVMCompiler.doExecute(K2JVMCompiler.kt:188)
	at org.jetbrains.kotlin.cli.jvm.K2JVMCompiler.doExecute(K2JVMCompiler.kt:45)
	at org.jetbrains.kotlin.cli.common.CLICompiler.execImpl(CLICompiler.kt:123)
	at org.jetbrains.kotlin.cli.common.CLICompiler.exec(CLICompiler.kt:352)
	at org.jetbrains.kotlin.daemon.CompileServiceImpl.compile(CompileServiceImpl.kt:1706)
	at java.base/jdk.internal.reflect.DirectMethodHandleAccessor.invoke(Unknown Source)
	at java.base/java.lang.reflect.Method.invoke(Unknown Source)
	at java.rmi/sun.rmi.server.UnicastServerRef.dispatch(Unknown Source)
	at java.rmi/sun.rmi.transport.Transport$1.run(Unknown Source)
	at java.rmi/sun.rmi.transport.Transport$1.run(Unknown Source)
	at java.base/java.security.AccessController.doPrivileged(Unknown Source)
	at java.rmi/sun.rmi.transport.Transport.serviceCall(Unknown Source)
	at java.rmi/sun.rmi.transport.tcp.TCPTransport.handleMessages(Unknown Source)
	at java.rmi/sun.rmi.transport.tcp.TCPTransport$ConnectionHandler.run0(Unknown Source)
	at java.rmi/sun.rmi.transport.tcp.TCPTransport$ConnectionHandler.lambda$run$0(Unknown Source)
	at java.base/java.security.AccessController.doPrivileged(Unknown Source)
	at java.rmi/sun.rmi.transport.tcp.TCPTransport$ConnectionHandler.run(Unknown Source)
	at java.base/java.util.concurrent.ThreadPoolExecutor.runWorker(Unknown Source)
	at java.base/java.util.concurrent.ThreadPoolExecutor$Worker.run(Unknown Source)
	at java.base/java.lang.Thread.run(Unknown Source)


