kotlin version: 2.2.21
error message: com.squareup.anvil.compiler.api.AnvilCompilationException: Back-end (JVM) Internal error: When using @MergeComponent it's not allowed to annotate the same class with @Component. The Dagger annotation will be generated.
File being compiled: (28,11) in /Users/wendyyanto/Desktop/codes/mini-c-app/app/src/main/java/com/dev/wenn/main/di/AppComponent.kt

	at com.squareup.anvil.compiler.internal.reference.ClassReferenceKt.AnvilCompilationExceptionClassReference(ClassReference.kt:573)
	at com.squareup.anvil.compiler.internal.reference.ClassReferenceKt.AnvilCompilationExceptionClassReference$default(ClassReference.kt:568)
	at com.squareup.anvil.compiler.codegen.MergeAnnotationsCheckGenerator.checkNotAnnotatedWithDaggerAnnotation(MergeAnnotationsCheckGenerator.kt:68)
	at com.squareup.anvil.compiler.codegen.MergeAnnotationsCheckGenerator.checkCode(MergeAnnotationsCheckGenerator.kt:47)
	at com.squareup.anvil.compiler.codegen.CheckOnlyCodeGenerator.generateCodePrivate(CheckOnlyCodeGenerator.kt:18)
	at com.squareup.anvil.compiler.codegen.PrivateCodeGenerator.generateCode(PrivateCodeGenerator.kt:20)
	at com.squareup.anvil.compiler.codegen.CodeGenerationExtension.generateCode$generateAndCache(CodeGenerationExtension.kt:229)
	at com.squareup.anvil.compiler.codegen.CodeGenerationExtension.generateCode$loopGeneration(CodeGenerationExtension.kt:255)
	at com.squareup.anvil.compiler.codegen.CodeGenerationExtension.generateCode(CodeGenerationExtension.kt:276)
	at com.squareup.anvil.compiler.codegen.CodeGenerationExtension.analysisCompleted(CodeGenerationExtension.kt:121)
	at org.jetbrains.kotlin.cli.jvm.compiler.TopDownAnalyzerFacadeForJVM.analyzeFilesWithJavaIntegration$invokeExtensionsOnAnalysisComplete(TopDownAnalyzerFacadeForJVM.kt:107)
	at org.jetbrains.kotlin.cli.jvm.compiler.TopDownAnalyzerFacadeForJVM.analyzeFilesWithJavaIntegration(TopDownAnalyzerFacadeForJVM.kt:117)
	at org.jetbrains.kotlin.cli.jvm.compiler.TopDownAnalyzerFacadeForJVM.analyzeFilesWithJavaIntegration$default(TopDownAnalyzerFacadeForJVM.kt:79)
	at org.jetbrains.kotlin.cli.jvm.compiler.KotlinToJVMBytecodeCompiler.analyze$lambda$0(KotlinToJVMBytecodeCompiler.kt:346)
	at org.jetbrains.kotlin.cli.common.messages.AnalyzerWithCompilerReport.analyzeAndReport(AnalyzerWithCompilerReport.kt:112)
	at org.jetbrains.kotlin.cli.jvm.compiler.KotlinToJVMBytecodeCompiler.analyze(KotlinToJVMBytecodeCompiler.kt:336)
	at org.jetbrains.kotlin.cli.jvm.compiler.KotlinToJVMBytecodeCompiler.runFrontendAndGenerateIrUsingClassicFrontend(KotlinToJVMBytecodeCompiler.kt:172)
	at org.jetbrains.kotlin.cli.jvm.compiler.KotlinToJVMBytecodeCompiler.compileModules$cli(KotlinToJVMBytecodeCompiler.kt:83)
	at org.jetbrains.kotlin.cli.jvm.K2JVMCompiler.doExecute(K2JVMCompiler.kt:188)
	at org.jetbrains.kotlin.cli.jvm.K2JVMCompiler.doExecute(K2JVMCompiler.kt:45)
	at org.jetbrains.kotlin.cli.common.CLICompiler.execImpl(CLICompiler.kt:123)
	at org.jetbrains.kotlin.cli.common.CLICompiler.exec(CLICompiler.kt:352)
	at org.jetbrains.kotlin.daemon.CompileServiceImpl.compile(CompileServiceImpl.kt:1706)
	at java.base/jdk.internal.reflect.DirectMethodHandleAccessor.invoke(Unknown Source)
	at java.base/java.lang.reflect.Method.invoke(Unknown Source)
	at java.rmi/sun.rmi.server.UnicastServerRef.dispatch(Unknown Source)
	at java.rmi/sun.rmi.transport.Transport$1.run(Unknown Source)
	at java.rmi/sun.rmi.transport.Transport$1.run(Unknown Source)
	at java.base/java.security.AccessController.doPrivileged(Unknown Source)
	at java.rmi/sun.rmi.transport.Transport.serviceCall(Unknown Source)
	at java.rmi/sun.rmi.transport.tcp.TCPTransport.handleMessages(Unknown Source)
	at java.rmi/sun.rmi.transport.tcp.TCPTransport$ConnectionHandler.run0(Unknown Source)
	at java.rmi/sun.rmi.transport.tcp.TCPTransport$ConnectionHandler.lambda$run$0(Unknown Source)
	at java.base/java.security.AccessController.doPrivileged(Unknown Source)
	at java.rmi/sun.rmi.transport.tcp.TCPTransport$ConnectionHandler.run(Unknown Source)
	at java.base/java.util.concurrent.ThreadPoolExecutor.runWorker(Unknown Source)
	at java.base/java.util.concurrent.ThreadPoolExecutor$Worker.run(Unknown Source)
	at java.base/java.lang.Thread.run(Unknown Source)


